<?xml version="1.0" encoding="utf-8"?><testsuites name="pytest tests"><testsuite name="pytest" errors="0" failures="0" skipped="0" tests="25" time="0.238" timestamp="2025-08-06T23:02:39.910003+00:00" hostname="e2b.local"><testcase classname="tests.unit.test_example.TestExampleMeshNode" name="test_node_initialization" time="0.001" /><testcase classname="tests.unit.test_example.TestExampleMeshNode" name="test_node_start_stop" time="0.004" /><testcase classname="tests.unit.test_example.TestExampleMeshNode" name="test_peer_connection" time="0.004" /><testcase classname="tests.unit.test_example.TestExampleMeshNode" name="test_message_broadcasting" time="0.003" /><testcase classname="tests.unit.test_example.TestExampleMeshNode" name="test_invalid_configuration" time="0.000" /><testcase classname="tests.unit.test_example.TestExampleConsensus" name="test_pbft_proposal" time="0.002" /><testcase classname="tests.unit.test_example.TestExampleConsensus" name="test_consensus_timeout" time="0.002" /><testcase classname="tests.unit.test_example.TestExampleConsensus" name="test_fault_tolerance_calculation" time="0.000" /><testcase classname="tests.unit.test_example.TestExampleFederatedLearning" name="test_model_update_aggregation" time="0.086" /><testcase classname="tests.unit.test_example.TestExampleFederatedLearning" name="test_training_round" time="0.004" /><testcase classname="tests.unit.test_example.TestExampleFederatedLearning" name="test_differential_privacy_noise" time="0.001" /><testcase classname="tests.unit.test_example.TestExampleFederatedLearning" name="test_secure_aggregation_threshold" time="0.000" /><testcase classname="tests.unit.test_example.TestExampleSecurity" name="test_key_generation" time="0.001" /><testcase classname="tests.unit.test_example.TestExampleSecurity" name="test_message_encryption_decryption" time="0.001" /><testcase classname="tests.unit.test_example.TestExampleSecurity" name="test_rbac_permissions" time="0.000" /><testcase classname="tests.unit.test_example.TestExampleSecurity" name="test_identity_verification" time="0.000" /><testcase classname="tests.unit.test_example.TestExampleUtilities" name="test_address_parsing" time="0.000" /><testcase classname="tests.unit.test_example.TestExampleUtilities" name="test_configuration_validation" time="0.001" /><testcase classname="tests.unit.test_example.TestExampleUtilities" name="test_metrics_calculation" time="0.000" /><testcase classname="tests.unit.test_example.TestExampleUtilities" name="test_serialization_performance" time="0.001" /><testcase classname="tests.unit.test_example.TestPropertyBased" name="test_node_id_uniqueness" time="0.002" /><testcase classname="tests.unit.test_example.TestPropertyBased" name="test_port_allocation" time="0.001" /><testcase classname="tests.unit.test_example.TestMockHelpers" name="test_mock_creation" time="0.025" /><testcase classname="tests.unit.test_example.TestMockHelpers" name="test_async_mock_behavior" time="0.003" /><testcase classname="tests.unit.test_example.TestMockHelpers" name="test_fixture_isolation" time="0.002" /></testsuite></testsuites>